// Vitest Snapshot v1, https://vitest.dev/guide/snapshot.html

exports[`<Tag /> > should be render with the text "destaque" 1`] = `
<div
  class="sc-dcJsrY QRaBo"
  role="tag-container"
>
  destaque
</div>
`;